// Vitest Snapshot v1, https://vitest.dev/guide/snapshot.html

exports[`migrateShowV1toV2 > matches the snapshot of all migrated presets 1`] = `
{
  "bulk": {
    "cues": [
      {
        "beat": 0,
        "color": "#b87333",
        "easing": "step",
        "id": "bulk:0",
        "intensity": 0.95,
        "lengthBeats": 1,
        "pattern": "snap",
        "target": "all",
      },
      {
        "beat": 1,
        "color": "#7a7a7a",
        "easing": "step",
        "id": "bulk:1",
        "intensity": 0.8,
        "lengthBeats": 1,
        "pattern": "snap",
        "target": "all",
      },
      {
        "beat": 2,
        "color": "#b87333",
        "easing": "step",
        "id": "bulk:2",
        "intensity": 0.95,
        "lengthBeats": 1,
        "pattern": "snap",
        "target": "all",
      },
      {
        "beat": 3,
        "color": "#000000",
        "easing": "step",
        "id": "bulk:3",
        "intensity": 0,
        "lengthBeats": 3,
        "pattern": "blackout",
        "target": "all",
      },
      {
        "beat": 6,
        "color": "#7a7a7a",
        "easing": "step",
        "id": "bulk:4",
        "intensity": 0.85,
        "lengthBeats": 1,
        "pattern": "snap",
        "target": "all",
      },
      {
        "beat": 7,
        "color": "#b87333",
        "easing": "step",
        "id": "bulk:5",
        "intensity": 0.9,
        "lengthBeats": 1,
        "pattern": "snap",
        "target": "all",
      },
      {
        "beat": 8,
        "color": "#000000",
        "easing": "step",
        "id": "bulk:6",
        "intensity": 0,
        "lengthBeats": 4,
        "pattern": "blackout",
        "target": "all",
      },
      {
        "beat": 12,
        "color": "#b87333",
        "easing": "step",
        "id": "bulk:7",
        "intensity": 1,
        "lengthBeats": 1,
        "pattern": "snap",
        "target": "all",
      },
      {
        "beat": 13,
        "color": "#7a7a7a",
        "easing": "step",
        "id": "bulk:8",
        "intensity": 0.85,
        "lengthBeats": 1,
        "pattern": "snap",
        "target": "all",
      },
      {
        "beat": 14,
        "color": "#b87333",
        "easing": "step",
        "id": "bulk:9",
        "intensity": 1,
        "lengthBeats": 1,
        "pattern": "snap",
        "target": "all",
      },
      {
        "beat": 15,
        "color": "#000000",
        "easing": "step",
        "id": "bulk:10",
        "intensity": 0,
        "lengthBeats": 3,
        "pattern": "blackout",
        "target": "all",
      },
      {
        "beat": 18,
        "color": "#7a7a7a",
        "easing": "step",
        "id": "bulk:11",
        "intensity": 0.9,
        "lengthBeats": 1,
        "pattern": "snap",
        "target": "all",
      },
      {
        "beat": 19,
        "color": "#b87333",
        "easing": "step",
        "id": "bulk:12",
        "intensity": 0.95,
        "lengthBeats": 1,
        "pattern": "snap",
        "target": "all",
      },
      {
        "beat": 20,
        "color": "#000000",
        "easing": "step",
        "id": "bulk:13",
        "intensity": 0,
        "lengthBeats": 4,
        "pattern": "blackout",
        "target": "all",
      },
      {
        "beat": 24,
        "color": "#e6e6e6",
        "easing": "step",
        "id": "bulk:14",
        "intensity": 1,
        "lengthBeats": 1,
        "pattern": "snap",
        "target": "all",
      },
      {
        "beat": 25,
        "color": "#b87333",
        "easing": "step",
        "id": "bulk:15",
        "intensity": 1,
        "lengthBeats": 1,
        "pattern": "snap",
        "target": "all",
      },
      {
        "beat": 26,
        "color": "#e6e6e6",
        "easing": "step",
        "id": "bulk:16",
        "intensity": 1,
        "lengthBeats": 1,
        "pattern": "snap",
        "target": "all",
      },
      {
        "beat": 27,
        "color": "#b87333",
        "easing": "step",
        "id": "bulk:17",
        "intensity": 1,
        "lengthBeats": 1,
        "pattern": "snap",
        "target": "all",
      },
      {
        "beat": 28,
        "color": "#e6e6e6",
        "easing": "step",
        "id": "bulk:18",
        "intensity": 1,
        "lengthBeats": 1,
        "pattern": "snap",
        "target": "all",
      },
      {
        "beat": 29,
        "color": "#b87333",
        "easing": "step",
        "id": "bulk:19",
        "intensity": 1,
        "lengthBeats": 1,
        "pattern": "snap",
        "target": "all",
      },
      {
        "beat": 30,
        "color": "#e6e6e6",
        "easing": "step",
        "id": "bulk:20",
        "intensity": 1,
        "lengthBeats": 1,
        "pattern": "snap",
        "target": "all",
      },
      {
        "beat": 31,
        "color": "#000000",
        "easing": "step",
        "id": "bulk:21",
        "intensity": 0,
        "lengthBeats": 1,
        "pattern": "blackout",
        "target": "all",
      },
    ],
    "id": "bulk",
    "loopBeats": 32,
    "v": 2,
  },
  "container": {
    "cues": [
      {
        "beat": 0,
        "color": "#ff00cc",
        "easing": "step",
        "id": "container:0",
        "intensity": 0.6,
        "lengthBeats": 2,
        "pattern": "sweep",
        "target": "all",
      },
      {
        "beat": 2,
        "color": "#00ffff",
        "easing": "step",
        "id": "container:1",
        "intensity": 0.6,
        "lengthBeats": 2,
        "pattern": "sweep",
        "target": "all",
      },
      {
        "beat": 4,
        "color": "#ff00cc",
        "easing": "step",
        "id": "container:2",
        "intensity": 0.7,
        "lengthBeats": 2,
        "pattern": "sweep",
        "target": "all",
      },
      {
        "beat": 6,
        "color": "#00ffff",
        "easing": "step",
        "id": "container:3",
        "intensity": 0.7,
        "lengthBeats": 2,
        "pattern": "sweep",
        "target": "all",
      },
      {
        "beat": 8,
        "color": "#ff00cc",
        "easing": "step",
        "id": "container:4",
        "intensity": 0.8,
        "lengthBeats": 2,
        "pattern": "sweep",
        "target": "all",
      },
      {
        "beat": 10,
        "color": "#00ffff",
        "easing": "step",
        "id": "container:5",
        "intensity": 0.8,
        "lengthBeats": 2,
        "pattern": "sweep",
        "target": "all",
      },
      {
        "beat": 12,
        "color": "#ff00cc",
        "easing": "step",
        "id": "container:6",
        "intensity": 0.9,
        "lengthBeats": 2,
        "pattern": "sweep",
        "target": "all",
      },
      {
        "beat": 14,
        "color": "#00ffff",
        "easing": "step",
        "id": "container:7",
        "intensity": 0.9,
        "lengthBeats": 2,
        "pattern": "sweep",
        "target": "all",
      },
      {
        "beat": 16,
        "color": "#ff00cc",
        "easing": "step",
        "id": "container:8",
        "intensity": 0.85,
        "lengthBeats": 2,
        "pattern": "strobe",
        "target": "all",
      },
      {
        "beat": 18,
        "color": "#00ffff",
        "easing": "step",
        "id": "container:9",
        "intensity": 0.85,
        "lengthBeats": 2,
        "pattern": "strobe",
        "target": "all",
      },
      {
        "beat": 20,
        "color": "#ff00cc",
        "easing": "step",
        "id": "container:10",
        "intensity": 0.9,
        "lengthBeats": 2,
        "pattern": "strobe",
        "target": "all",
      },
      {
        "beat": 22,
        "color": "#00ffff",
        "easing": "step",
        "id": "container:11",
        "intensity": 0.9,
        "lengthBeats": 2,
        "pattern": "strobe",
        "target": "all",
      },
      {
        "beat": 24,
        "color": "#ffffff",
        "easing": "step",
        "id": "container:12",
        "intensity": 1,
        "lengthBeats": 1,
        "pattern": "strobe",
        "target": "all",
      },
      {
        "beat": 25,
        "color": "#ff00cc",
        "easing": "step",
        "id": "container:13",
        "intensity": 1,
        "lengthBeats": 1,
        "pattern": "strobe",
        "target": "all",
      },
      {
        "beat": 26,
        "color": "#00ffff",
        "easing": "step",
        "id": "container:14",
        "intensity": 1,
        "lengthBeats": 1,
        "pattern": "strobe",
        "target": "all",
      },
      {
        "beat": 27,
        "color": "#ffffff",
        "easing": "step",
        "id": "container:15",
        "intensity": 1,
        "lengthBeats": 1,
        "pattern": "strobe",
        "target": "all",
      },
      {
        "beat": 28,
        "color": "#ff00cc",
        "easing": "step",
        "id": "container:16",
        "intensity": 0.75,
        "lengthBeats": 2,
        "pattern": "sweep",
        "target": "all",
      },
      {
        "beat": 30,
        "color": "#00ffff",
        "easing": "step",
        "id": "container:17",
        "intensity": 0.75,
        "lengthBeats": 2,
        "pattern": "sweep",
        "target": "all",
      },
    ],
    "id": "container",
    "loopBeats": 32,
    "v": 2,
  },
  "cruise": {
    "cues": [
      {
        "beat": 0,
        "color": "#ffd700",
        "easing": "step",
        "id": "cruise:0",
        "intensity": 0.3,
        "lengthBeats": 4,
        "pattern": "breathe",
        "target": "all",
      },
      {
        "beat": 4,
        "color": "#fff8e7",
        "easing": "step",
        "id": "cruise:1",
        "intensity": 0.45,
        "lengthBeats": 4,
        "pattern": "breathe",
        "target": "all",
      },
      {
        "beat": 8,
        "color": "#ffec8b",
        "easing": "step",
        "id": "cruise:2",
        "intensity": 0.55,
        "lengthBeats": 4,
        "pattern": "sweep",
        "target": "all",
      },
      {
        "beat": 12,
        "color": "#ffd700",
        "easing": "step",
        "id": "cruise:3",
        "intensity": 0.4,
        "lengthBeats": 4,
        "pattern": "breathe",
        "target": "all",
      },
      {
        "beat": 16,
        "color": "#ffffff",
        "easing": "step",
        "id": "cruise:4",
        "intensity": 0.65,
        "lengthBeats": 4,
        "pattern": "sweep",
        "target": "all",
      },
      {
        "beat": 20,
        "color": "#ffe4b5",
        "easing": "step",
        "id": "cruise:5",
        "intensity": 0.5,
        "lengthBeats": 4,
        "pattern": "breathe",
        "target": "all",
      },
      {
        "beat": 24,
        "color": "#ffffff",
        "easing": "step",
        "id": "cruise:6",
        "intensity": 0.9,
        "lengthBeats": 4,
        "pattern": "sweep",
        "target": "all",
      },
      {
        "beat": 28,
        "color": "#ffd700",
        "easing": "step",
        "id": "cruise:7",
        "intensity": 0.35,
        "lengthBeats": 4,
        "pattern": "breathe",
        "target": "all",
      },
    ],
    "id": "cruise",
    "loopBeats": 32,
    "v": 2,
  },
  "droneship": {
    "cues": [
      {
        "beat": 0,
        "color": "#d8e6ff",
        "easing": "step",
        "id": "droneship:0",
        "intensity": 0.25,
        "lengthBeats": 8,
        "pattern": "breathe",
        "target": "all",
      },
      {
        "beat": 8,
        "color": "#b8aaff",
        "easing": "step",
        "id": "droneship:1",
        "intensity": 0.2,
        "lengthBeats": 8,
        "pattern": "breathe",
        "target": "all",
      },
      {
        "beat": 16,
        "color": "#ffffff",
        "easing": "step",
        "id": "droneship:2",
        "intensity": 0.55,
        "lengthBeats": 8,
        "pattern": "strobe",
        "target": "all",
      },
      {
        "beat": 24,
        "color": "#7a66ff",
        "easing": "step",
        "id": "droneship:3",
        "intensity": 0.3,
        "lengthBeats": 4,
        "pattern": "breathe",
        "target": "all",
      },
      {
        "beat": 28,
        "color": "#000000",
        "easing": "step",
        "id": "droneship:4",
        "intensity": 0,
        "lengthBeats": 4,
        "pattern": "blackout",
        "target": "all",
      },
    ],
    "id": "droneship",
    "loopBeats": 32,
    "v": 2,
  },
  "ferry": {
    "cues": [
      {
        "beat": 0,
        "color": "#f9d71c",
        "easing": "step",
        "id": "ferry:0",
        "intensity": 0.4,
        "lengthBeats": 2,
        "pattern": "breathe",
        "target": "all",
      },
      {
        "beat": 2,
        "color": "#1ad6ff",
        "easing": "step",
        "id": "ferry:1",
        "intensity": 0.55,
        "lengthBeats": 2,
        "pattern": "snap",
        "target": "all",
      },
      {
        "beat": 4,
        "color": "#f9d71c",
        "easing": "step",
        "id": "ferry:2",
        "intensity": 0.45,
        "lengthBeats": 2,
        "pattern": "breathe",
        "target": "all",
      },
      {
        "beat": 6,
        "color": "#1ad6ff",
        "easing": "step",
        "id": "ferry:3",
        "intensity": 0.6,
        "lengthBeats": 2,
        "pattern": "snap",
        "target": "all",
      },
      {
        "beat": 8,
        "color": "#7af0ff",
        "easing": "step",
        "id": "ferry:4",
        "intensity": 0.55,
        "lengthBeats": 2,
        "pattern": "sweep",
        "target": "all",
      },
      {
        "beat": 10,
        "color": "#f9d71c",
        "easing": "step",
        "id": "ferry:5",
        "intensity": 0.6,
        "lengthBeats": 2,
        "pattern": "snap",
        "target": "all",
      },
      {
        "beat": 12,
        "color": "#1ad6ff",
        "easing": "step",
        "id": "ferry:6",
        "intensity": 0.4,
        "lengthBeats": 2,
        "pattern": "breathe",
        "target": "all",
      },
      {
        "beat": 14,
        "color": "#f9d71c",
        "easing": "step",
        "id": "ferry:7",
        "intensity": 0.65,
        "lengthBeats": 2,
        "pattern": "snap",
        "target": "all",
      },
      {
        "beat": 16,
        "color": "#f9d71c",
        "easing": "step",
        "id": "ferry:8",
        "intensity": 0.5,
        "lengthBeats": 2,
        "pattern": "breathe",
        "target": "all",
      },
      {
        "beat": 18,
        "color": "#1ad6ff",
        "easing": "step",
        "id": "ferry:9",
        "intensity": 0.7,
        "lengthBeats": 2,
        "pattern": "snap",
        "target": "all",
      },
      {
        "beat": 20,
        "color": "#7af0ff",
        "easing": "step",
        "id": "ferry:10",
        "intensity": 0.65,
        "lengthBeats": 2,
        "pattern": "sweep",
        "target": "all",
      },
      {
        "beat": 22,
        "color": "#f9d71c",
        "easing": "step",
        "id": "ferry:11",
        "intensity": 0.75,
        "lengthBeats": 2,
        "pattern": "snap",
        "target": "all",
      },
      {
        "beat": 24,
        "color": "#1ad6ff",
        "easing": "step",
        "id": "ferry:12",
        "intensity": 0.45,
        "lengthBeats": 2,
        "pattern": "breathe",
        "target": "all",
      },
      {
        "beat": 26,
        "color": "#f9d71c",
        "easing": "step",
        "id": "ferry:13",
        "intensity": 0.7,
        "lengthBeats": 2,
        "pattern": "snap",
        "target": "all",
      },
      {
        "beat": 28,
        "color": "#f9d71c",
        "easing": "step",
        "id": "ferry:14",
        "intensity": 0.35,
        "lengthBeats": 2,
        "pattern": "breathe",
        "target": "all",
      },
      {
        "beat": 30,
        "color": "#1ad6ff",
        "easing": "step",
        "id": "ferry:15",
        "intensity": 0.6,
        "lengthBeats": 2,
        "pattern": "snap",
        "target": "all",
      },
    ],
    "id": "ferry",
    "loopBeats": 32,
    "v": 2,
  },
  "fireboat": {
    "cues": [
      {
        "beat": 0,
        "color": "#ff2222",
        "easing": "step",
        "id": "fireboat:0",
        "intensity": 0.85,
        "lengthBeats": 1,
        "pattern": "strobe",
        "target": "all",
      },
      {
        "beat": 1,
        "color": "#2244ff",
        "easing": "step",
        "id": "fireboat:1",
        "intensity": 0.8,
        "lengthBeats": 1,
        "pattern": "strobe",
        "target": "all",
      },
      {
        "beat": 2,
        "color": "#ff2222",
        "easing": "step",
        "id": "fireboat:2",
        "intensity": 0.9,
        "lengthBeats": 1,
        "pattern": "strobe",
        "target": "all",
      },
      {
        "beat": 3,
        "color": "#2244ff",
        "easing": "step",
        "id": "fireboat:3",
        "intensity": 0.85,
        "lengthBeats": 1,
        "pattern": "strobe",
        "target": "all",
      },
      {
        "beat": 4,
        "color": "#4488ff",
        "easing": "step",
        "id": "fireboat:4",
        "intensity": 0.7,
        "lengthBeats": 2,
        "pattern": "sweep",
        "target": "all",
      },
      {
        "beat": 6,
        "color": "#ff3333",
        "easing": "step",
        "id": "fireboat:5",
        "intensity": 0.95,
        "lengthBeats": 1,
        "pattern": "strobe",
        "target": "all",
      },
      {
        "beat": 7,
        "color": "#3366ff",
        "easing": "step",
        "id": "fireboat:6",
        "intensity": 0.9,
        "lengthBeats": 1,
        "pattern": "strobe",
        "target": "all",
      },
      {
        "beat": 8,
        "color": "#ffffff",
        "easing": "step",
        "id": "fireboat:7",
        "intensity": 0.75,
        "lengthBeats": 2,
        "pattern": "snap",
        "target": "all",
      },
      {
        "beat": 10,
        "color": "#5599ff",
        "easing": "step",
        "id": "fireboat:8",
        "intensity": 0.8,
        "lengthBeats": 2,
        "pattern": "sweep",
        "target": "all",
      },
      {
        "beat": 12,
        "color": "#ff1111",
        "easing": "step",
        "id": "fireboat:9",
        "intensity": 1,
        "lengthBeats": 1,
        "pattern": "strobe",
        "target": "all",
      },
      {
        "beat": 13,
        "color": "#1133ff",
        "easing": "step",
        "id": "fireboat:10",
        "intensity": 0.95,
        "lengthBeats": 1,
        "pattern": "strobe",
        "target": "all",
      },
      {
        "beat": 14,
        "color": "#ff1111",
        "easing": "step",
        "id": "fireboat:11",
        "intensity": 1,
        "lengthBeats": 2,
        "pattern": "strobe",
        "target": "all",
      },
      {
        "beat": 16,
        "color": "#ff4444",
        "easing": "step",
        "id": "fireboat:12",
        "intensity": 0.6,
        "lengthBeats": 2,
        "pattern": "breathe",
        "target": "all",
      },
      {
        "beat": 18,
        "color": "#66aaff",
        "easing": "step",
        "id": "fireboat:13",
        "intensity": 0.85,
        "lengthBeats": 2,
        "pattern": "sweep",
        "target": "all",
      },
      {
        "beat": 20,
        "color": "#ff0000",
        "easing": "step",
        "id": "fireboat:14",
        "intensity": 1,
        "lengthBeats": 1,
        "pattern": "strobe",
        "target": "all",
      },
      {
        "beat": 21,
        "color": "#0000ff",
        "easing": "step",
        "id": "fireboat:15",
        "intensity": 0.95,
        "lengthBeats": 1,
        "pattern": "strobe",
        "target": "all",
      },
      {
        "beat": 22,
        "color": "#ffffff",
        "easing": "step",
        "id": "fireboat:16",
        "intensity": 0.8,
        "lengthBeats": 2,
        "pattern": "snap",
        "target": "all",
      },
      {
        "beat": 24,
        "color": "#4488ff",
        "easing": "step",
        "id": "fireboat:17",
        "intensity": 0.9,
        "lengthBeats": 2,
        "pattern": "sweep",
        "target": "all",
      },
      {
        "beat": 26,
        "color": "#ff2222",
        "easing": "step",
        "id": "fireboat:18",
        "intensity": 0.9,
        "lengthBeats": 2,
        "pattern": "strobe",
        "target": "all",
      },
      {
        "beat": 28,
        "color": "#2244ff",
        "easing": "step",
        "id": "fireboat:19",
        "intensity": 0.85,
        "lengthBeats": 2,
        "pattern": "strobe",
        "target": "all",
      },
      {
        "beat": 30,
        "color": "#000000",
        "easing": "step",
        "id": "fireboat:20",
        "intensity": 0.1,
        "lengthBeats": 2,
        "pattern": "blackout",
        "target": "all",
      },
    ],
    "id": "fireboat",
    "loopBeats": 32,
    "v": 2,
  },
  "horizon": {
    "cues": [
      {
        "beat": 0,
        "color": "#0a4f6b",
        "easing": "step",
        "id": "horizon:0",
        "intensity": 0.3,
        "lengthBeats": 8,
        "pattern": "breathe",
        "target": "all",
      },
      {
        "beat": 8,
        "color": "#0d6e8c",
        "easing": "step",
        "id": "horizon:1",
        "intensity": 0.4,
        "lengthBeats": 8,
        "pattern": "breathe",
        "target": "all",
      },
      {
        "beat": 16,
        "color": "#108aa8",
        "easing": "step",
        "id": "horizon:2",
        "intensity": 0.55,
        "lengthBeats": 4,
        "pattern": "breathe",
        "target": "all",
      },
      {
        "beat": 20,
        "color": "#14a5c5",
        "easing": "step",
        "id": "horizon:3",
        "intensity": 0.65,
        "lengthBeats": 4,
        "pattern": "breathe",
        "target": "all",
      },
      {
        "beat": 24,
        "color": "#1ad6ff",
        "easing": "step",
        "id": "horizon:4",
        "intensity": 0.85,
        "lengthBeats": 4,
        "pattern": "sweep",
        "target": "all",
      },
      {
        "beat": 28,
        "color": "#0d6e8c",
        "easing": "step",
        "id": "horizon:5",
        "intensity": 0.45,
        "lengthBeats": 2,
        "pattern": "breathe",
        "target": "all",
      },
      {
        "beat": 30,
        "color": "#0a4f6b",
        "easing": "step",
        "id": "horizon:6",
        "intensity": 0.25,
        "lengthBeats": 2,
        "pattern": "breathe",
        "target": "all",
      },
    ],
    "id": "horizon",
    "loopBeats": 32,
    "v": 2,
  },
  "icebreaker": {
    "cues": [
      {
        "beat": 0,
        "color": "#7ec8e3",
        "easing": "step",
        "id": "icebreaker:0",
        "intensity": 0.55,
        "lengthBeats": 2,
        "pattern": "breathe",
        "target": "all",
      },
      {
        "beat": 2,
        "color": "#e65c00",
        "easing": "step",
        "id": "icebreaker:1",
        "intensity": 0.65,
        "lengthBeats": 2,
        "pattern": "sweep",
        "target": "all",
      },
      {
        "beat": 4,
        "color": "#c41e3a",
        "easing": "step",
        "id": "icebreaker:2",
        "intensity": 0.8,
        "lengthBeats": 2,
        "pattern": "strobe",
        "target": "all",
      },
      {
        "beat": 6,
        "color": "#a8d8ea",
        "easing": "step",
        "id": "icebreaker:3",
        "intensity": 0.5,
        "lengthBeats": 2,
        "pattern": "breathe",
        "target": "all",
      },
      {
        "beat": 8,
        "color": "#e8f4ff",
        "easing": "step",
        "id": "icebreaker:4",
        "intensity": 0.75,
        "lengthBeats": 2,
        "pattern": "snap",
        "target": "all",
      },
      {
        "beat": 10,
        "color": "#c41e3a",
        "easing": "step",
        "id": "icebreaker:5",
        "intensity": 0.7,
        "lengthBeats": 2,
        "pattern": "sweep",
        "target": "all",
      },
      {
        "beat": 12,
        "color": "#7ec8e3",
        "easing": "step",
        "id": "icebreaker:6",
        "intensity": 0.85,
        "lengthBeats": 2,
        "pattern": "strobe",
        "target": "all",
      },
      {
        "beat": 14,
        "color": "#e65c00",
        "easing": "step",
        "id": "icebreaker:7",
        "intensity": 0.55,
        "lengthBeats": 2,
        "pattern": "breathe",
        "target": "all",
      },
      {
        "beat": 16,
        "color": "#ffffff",
        "easing": "step",
        "id": "icebreaker:8",
        "intensity": 0.7,
        "lengthBeats": 2,
        "pattern": "snap",
        "target": "all",
      },
      {
        "beat": 18,
        "color": "#7ec8e3",
        "easing": "step",
        "id": "icebreaker:9",
        "intensity": 0.8,
        "lengthBeats": 2,
        "pattern": "sweep",
        "target": "all",
      },
      {
        "beat": 20,
        "color": "#c41e3a",
        "easing": "step",
        "id": "icebreaker:10",
        "intensity": 0.9,
        "lengthBeats": 2,
        "pattern": "strobe",
        "target": "all",
      },
      {
        "beat": 22,
        "color": "#a8d8ea",
        "easing": "step",
        "id": "icebreaker:11",
        "intensity": 0.6,
        "lengthBeats": 2,
        "pattern": "breathe",
        "target": "all",
      },
      {
        "beat": 24,
        "color": "#e65c00",
        "easing": "step",
        "id": "icebreaker:12",
        "intensity": 0.75,
        "lengthBeats": 2,
        "pattern": "sweep",
        "target": "all",
      },
      {
        "beat": 26,
        "color": "#7ec8e3",
        "easing": "step",
        "id": "icebreaker:13",
        "intensity": 0.85,
        "lengthBeats": 2,
        "pattern": "strobe",
        "target": "all",
      },
      {
        "beat": 28,
        "color": "#e8f4ff",
        "easing": "step",
        "id": "icebreaker:14",
        "intensity": 0.8,
        "lengthBeats": 2,
        "pattern": "snap",
        "target": "all",
      },
      {
        "beat": 30,
        "color": "#000000",
        "easing": "step",
        "id": "icebreaker:15",
        "intensity": 0.1,
        "lengthBeats": 2,
        "pattern": "blackout",
        "target": "all",
      },
    ],
    "id": "icebreaker",
    "loopBeats": 32,
    "v": 2,
  },
  "lng": {
    "cues": [
      {
        "beat": 0,
        "color": "#1ad6ff",
        "easing": "step",
        "id": "lng:0",
        "intensity": 0.35,
        "lengthBeats": 8,
        "pattern": "breathe",
        "target": "all",
      },
      {
        "beat": 8,
        "color": "#0a8fb8",
        "easing": "step",
        "id": "lng:1",
        "intensity": 0.5,
        "lengthBeats": 8,
        "pattern": "breathe",
        "target": "all",
      },
      {
        "beat": 16,
        "color": "#7af0ff",
        "easing": "step",
        "id": "lng:2",
        "intensity": 0.7,
        "lengthBeats": 8,
        "pattern": "sweep",
        "target": "all",
      },
      {
        "beat": 24,
        "color": "#eafcff",
        "easing": "step",
        "id": "lng:3",
        "intensity": 1,
        "lengthBeats": 4,
        "pattern": "strobe",
        "target": "all",
      },
      {
        "beat": 28,
        "color": "#1ad6ff",
        "easing": "step",
        "id": "lng:4",
        "intensity": 0.4,
        "lengthBeats": 4,
        "pattern": "breathe",
        "target": "all",
      },
    ],
    "id": "lng",
    "loopBeats": 32,
    "v": 2,
  },
  "research": {
    "cues": [
      {
        "beat": 0,
        "color": "#2ec4b6",
        "easing": "step",
        "id": "research:0",
        "intensity": 0.35,
        "lengthBeats": 6,
        "pattern": "breathe",
        "target": "all",
      },
      {
        "beat": 6,
        "color": "#1a9e93",
        "easing": "step",
        "id": "research:1",
        "intensity": 0.45,
        "lengthBeats": 6,
        "pattern": "sweep",
        "target": "all",
      },
      {
        "beat": 12,
        "color": "#3bffe2",
        "easing": "step",
        "id": "research:2",
        "intensity": 0.3,
        "lengthBeats": 6,
        "pattern": "breathe",
        "target": "all",
      },
      {
        "beat": 18,
        "color": "#88fff7",
        "easing": "step",
        "id": "research:3",
        "intensity": 0.6,
        "lengthBeats": 6,
        "pattern": "strobe",
        "target": "all",
      },
      {
        "beat": 24,
        "color": "#2ec4b6",
        "easing": "step",
        "id": "research:4",
        "intensity": 0.5,
        "lengthBeats": 4,
        "pattern": "sweep",
        "target": "all",
      },
      {
        "beat": 28,
        "color": "#1a9e93",
        "easing": "step",
        "id": "research:5",
        "intensity": 0.25,
        "lengthBeats": 4,
        "pattern": "breathe",
        "target": "all",
      },
    ],
    "id": "research",
    "loopBeats": 32,
    "v": 2,
  },
  "roro": {
    "cues": [
      {
        "beat": 0,
        "color": "#ff00cc",
        "easing": "step",
        "id": "roro:0",
        "intensity": 0.55,
        "lengthBeats": 2,
        "pattern": "sweep",
        "target": "all",
      },
      {
        "beat": 2,
        "color": "#00ffff",
        "easing": "step",
        "id": "roro:1",
        "intensity": 0.6,
        "lengthBeats": 2,
        "pattern": "snap",
        "target": "all",
      },
      {
        "beat": 4,
        "color": "#ff00cc",
        "easing": "step",
        "id": "roro:2",
        "intensity": 0.7,
        "lengthBeats": 2,
        "pattern": "sweep",
        "target": "all",
      },
      {
        "beat": 6,
        "color": "#00ffff",
        "easing": "step",
        "id": "roro:3",
        "intensity": 0.6,
        "lengthBeats": 2,
        "pattern": "snap",
        "target": "all",
      },
      {
        "beat": 8,
        "color": "#d900b8",
        "easing": "step",
        "id": "roro:4",
        "intensity": 0.45,
        "lengthBeats": 4,
        "pattern": "breathe",
        "target": "all",
      },
      {
        "beat": 12,
        "color": "#00e5ff",
        "easing": "step",
        "id": "roro:5",
        "intensity": 0.65,
        "lengthBeats": 2,
        "pattern": "sweep",
        "target": "all",
      },
      {
        "beat": 14,
        "color": "#ff66e6",
        "easing": "step",
        "id": "roro:6",
        "intensity": 0.55,
        "lengthBeats": 2,
        "pattern": "snap",
        "target": "all",
      },
      {
        "beat": 16,
        "color": "#ff00cc",
        "easing": "step",
        "id": "roro:7",
        "intensity": 0.75,
        "lengthBeats": 2,
        "pattern": "sweep",
        "target": "all",
      },
      {
        "beat": 18,
        "color": "#00ffff",
        "easing": "step",
        "id": "roro:8",
        "intensity": 0.65,
        "lengthBeats": 2,
        "pattern": "snap",
        "target": "all",
      },
      {
        "beat": 20,
        "color": "#00e5ff",
        "easing": "step",
        "id": "roro:9",
        "intensity": 0.8,
        "lengthBeats": 2,
        "pattern": "sweep",
        "target": "all",
      },
      {
        "beat": 22,
        "color": "#ff66e6",
        "easing": "step",
        "id": "roro:10",
        "intensity": 0.7,
        "lengthBeats": 2,
        "pattern": "snap",
        "target": "all",
      },
      {
        "beat": 24,
        "color": "#ffffff",
        "easing": "step",
        "id": "roro:11",
        "intensity": 1,
        "lengthBeats": 2,
        "pattern": "strobe",
        "target": "all",
      },
      {
        "beat": 26,
        "color": "#ff00cc",
        "easing": "step",
        "id": "roro:12",
        "intensity": 0.95,
        "lengthBeats": 2,
        "pattern": "strobe",
        "target": "all",
      },
      {
        "beat": 28,
        "color": "#00ffff",
        "easing": "step",
        "id": "roro:13",
        "intensity": 0.75,
        "lengthBeats": 2,
        "pattern": "snap",
        "target": "all",
      },
      {
        "beat": 30,
        "color": "#ff66e6",
        "easing": "step",
        "id": "roro:14",
        "intensity": 0.4,
        "lengthBeats": 2,
        "pattern": "breathe",
        "target": "all",
      },
    ],
    "id": "roro",
    "loopBeats": 32,
    "v": 2,
  },
  "tanker": {
    "cues": [
      {
        "beat": 0,
        "color": "#ff8c1a",
        "easing": "step",
        "id": "tanker:0",
        "intensity": 1,
        "lengthBeats": 1,
        "pattern": "snap",
        "target": "all",
      },
      {
        "beat": 1,
        "color": "#ff2a1a",
        "easing": "step",
        "id": "tanker:1",
        "intensity": 0.9,
        "lengthBeats": 1,
        "pattern": "snap",
        "target": "all",
      },
      {
        "beat": 2,
        "color": "#ff8c1a",
        "easing": "step",
        "id": "tanker:2",
        "intensity": 1,
        "lengthBeats": 1,
        "pattern": "snap",
        "target": "all",
      },
      {
        "beat": 3,
        "color": "#ff2a1a",
        "easing": "step",
        "id": "tanker:3",
        "intensity": 0.9,
        "lengthBeats": 1,
        "pattern": "snap",
        "target": "all",
      },
      {
        "beat": 4,
        "color": "#000000",
        "easing": "step",
        "id": "tanker:4",
        "intensity": 0,
        "lengthBeats": 4,
        "pattern": "blackout",
        "target": "all",
      },
      {
        "beat": 8,
        "color": "#ff8c1a",
        "easing": "step",
        "id": "tanker:5",
        "intensity": 1,
        "lengthBeats": 1,
        "pattern": "snap",
        "target": "all",
      },
      {
        "beat": 9,
        "color": "#ff2a1a",
        "easing": "step",
        "id": "tanker:6",
        "intensity": 0.9,
        "lengthBeats": 1,
        "pattern": "snap",
        "target": "all",
      },
      {
        "beat": 10,
        "color": "#ff8c1a",
        "easing": "step",
        "id": "tanker:7",
        "intensity": 1,
        "lengthBeats": 1,
        "pattern": "snap",
        "target": "all",
      },
      {
        "beat": 11,
        "color": "#ff2a1a",
        "easing": "step",
        "id": "tanker:8",
        "intensity": 0.9,
        "lengthBeats": 1,
        "pattern": "snap",
        "target": "all",
      },
      {
        "beat": 12,
        "color": "#000000",
        "easing": "step",
        "id": "tanker:9",
        "intensity": 0,
        "lengthBeats": 4,
        "pattern": "blackout",
        "target": "all",
      },
      {
        "beat": 16,
        "color": "#ff8c1a",
        "easing": "step",
        "id": "tanker:10",
        "intensity": 1,
        "lengthBeats": 1,
        "pattern": "snap",
        "target": "all",
      },
      {
        "beat": 17,
        "color": "#ff2a1a",
        "easing": "step",
        "id": "tanker:11",
        "intensity": 0.9,
        "lengthBeats": 1,
        "pattern": "snap",
        "target": "all",
      },
      {
        "beat": 18,
        "color": "#ff8c1a",
        "easing": "step",
        "id": "tanker:12",
        "intensity": 1,
        "lengthBeats": 1,
        "pattern": "snap",
        "target": "all",
      },
      {
        "beat": 19,
        "color": "#ff2a1a",
        "easing": "step",
        "id": "tanker:13",
        "intensity": 0.9,
        "lengthBeats": 1,
        "pattern": "snap",
        "target": "all",
      },
      {
        "beat": 20,
        "color": "#000000",
        "easing": "step",
        "id": "tanker:14",
        "intensity": 0,
        "lengthBeats": 4,
        "pattern": "blackout",
        "target": "all",
      },
      {
        "beat": 24,
        "color": "#fff2c0",
        "easing": "step",
        "id": "tanker:15",
        "intensity": 1,
        "lengthBeats": 1,
        "pattern": "snap",
        "target": "all",
      },
      {
        "beat": 25,
        "color": "#ff2a1a",
        "easing": "step",
        "id": "tanker:16",
        "intensity": 1,
        "lengthBeats": 1,
        "pattern": "snap",
        "target": "all",
      },
      {
        "beat": 26,
        "color": "#fff2c0",
        "easing": "step",
        "id": "tanker:17",
        "intensity": 1,
        "lengthBeats": 1,
        "pattern": "snap",
        "target": "all",
      },
      {
        "beat": 27,
        "color": "#ff2a1a",
        "easing": "step",
        "id": "tanker:18",
        "intensity": 1,
        "lengthBeats": 1,
        "pattern": "snap",
        "target": "all",
      },
      {
        "beat": 28,
        "color": "#000000",
        "easing": "step",
        "id": "tanker:19",
        "intensity": 0,
        "lengthBeats": 4,
        "pattern": "blackout",
        "target": "all",
      },
    ],
    "id": "tanker",
    "loopBeats": 32,
    "v": 2,
  },
  "trawler": {
    "cues": [
      {
        "beat": 0,
        "color": "#ff9a2e",
        "easing": "step",
        "id": "trawler:0",
        "intensity": 0.35,
        "lengthBeats": 12,
        "pattern": "breathe",
        "target": "all",
      },
      {
        "beat": 12,
        "color": "#ffb84d",
        "easing": "step",
        "id": "trawler:1",
        "intensity": 0.5,
        "lengthBeats": 8,
        "pattern": "breathe",
        "target": "all",
      },
      {
        "beat": 20,
        "color": "#ffd280",
        "easing": "step",
        "id": "trawler:2",
        "intensity": 0.55,
        "lengthBeats": 8,
        "pattern": "sweep",
        "target": "all",
      },
      {
        "beat": 28,
        "color": "#ff9a2e",
        "easing": "step",
        "id": "trawler:3",
        "intensity": 0.3,
        "lengthBeats": 4,
        "pattern": "breathe",
        "target": "all",
      },
    ],
    "id": "trawler",
    "loopBeats": 32,
    "v": 2,
  },
}
`;
