// Vitest Snapshot v1, https://vitest.dev/guide/snapshot.html

exports[`rig groups > maps every blueprint attachment point to exactly one known group 1`] = `
{
  "bulk": {
    "crane1": "gantry",
    "crane2": "gantry",
    "crane3": "gantry",
    "crane4": "gantry",
    "funnel": "funnel",
    "hatch1": "hullStrip",
    "hatch2": "hullStrip",
    "hatch3": "hullStrip",
    "hatch4": "hullStrip",
  },
  "container": {
    "crane1": "gantry",
    "crane2": "gantry",
    "mast": "mast",
    "stack1": "deck",
    "stack2": "deck",
    "stack3": "deck",
    "stack4": "deck",
    "stack5": "deck",
    "stack6": "deck",
  },
  "cruise": {
    "balcony0": "hullStrip",
    "balcony1": "hullStrip",
    "balcony5": "hullStrip",
    "balcony6": "hullStrip",
    "funnel1": "funnel",
    "funnel2": "funnel",
  },
  "droneship": {
    "cameras": "mast",
    "equipmentContainer": "deck",
    "octagrabber": "gantry",
    "starlinkDish": "mast",
    "thruster1": "accent",
    "thruster2": "accent",
    "thruster3": "accent",
    "thruster4": "accent",
  },
  "ferry": {
    "bowRamp": "gantry",
    "bridge": "bridge",
    "funnel": "funnel",
    "passengerDeck": "deck",
  },
  "fireboat": {
    "bridge": "bridge",
    "foamDeck": "deck",
    "hullWash": "hullStrip",
    "sirenMast": "mast",
    "waterCannonPort": "accent",
    "waterCannonStbd": "accent",
  },
  "horizon": {
    "aFrame": "gantry",
    "labModule": "bridge",
    "mastArray": "mast",
    "sonarDome": "mast",
  },
  "icebreaker": {
    "bridge": "bridge",
    "funnelMain": "funnel",
    "heliDeck": "deck",
    "mastArray": "mast",
    "secondaryCrane": "gantry",
    "secondaryStack": "funnel",
    "spoonBow": "accent",
    "towingNotch": "gantry",
  },
  "lng": {
    "loadingArm1": "gantry",
    "loadingArm2": "gantry",
    "mast": "mast",
    "membraneTank1": "deck",
    "membraneTank2": "deck",
    "membraneTank3": "deck",
    "membraneTank4": "deck",
    "reliquefaction": "gantry",
    "superstructure": "bridge",
    "tankBarrier1": "hullStrip",
  },
  "research": {
    "aFrame": "gantry",
    "crane": "gantry",
    "heliDeck": "deck",
    "laboratory": "bridge",
    "moonPool": "deck",
    "radarDish": "mast",
    "sonarDome": "mast",
  },
  "roro": {
    "bowVisor": "gantry",
    "lifeboat1": "deck",
    "lifeboat2": "deck",
    "mast": "mast",
    "sideDoorL": "hullStrip",
    "sideDoorR": "hullStrip",
    "sternRamp": "gantry",
    "superstructure": "bridge",
  },
  "tanker": {
    "bridge": "bridge",
    "flareStack": "funnel",
    "flareTip": "funnel",
    "hatch1": "hullStrip",
    "hatch2": "hullStrip",
    "hatch3": "hullStrip",
    "hatch4": "hullStrip",
    "railingL": "hullStrip",
    "railingR": "hullStrip",
  },
  "trawler": {
    "deck": "deck",
    "fishHold": "deck",
    "masthead": "mast",
    "netGantry": "gantry",
  },
}
`;
